2026-03-01 11:14:56,102 | INFO | Module=Scanner | Account=123456789012 | RequestedMode=DRY_RUN | EffectiveMode=DRY_RUN
2026-03-01 11:14:59,396 | INFO | Module=Scanner | Account=123456789012 | RequestedMode=DRY_RUN | EffectiveMode=DRY_RUN
2026-03-01 11:15:51,366 | INFO | Module=Scanner | Account=123456789012 | RequestedMode=DRY_RUN | EffectiveMode=DRY_RUN
2026-03-01 11:15:52,009 | INFO | Module=Scanner | Account=123456789012 | RequestedMode=DRY_RUN | EffectiveMode=DRY_RUN
2026-03-01 11:15:52,551 | INFO | Module=Scanner | Account=123456789012 | RequestedMode=DRY_RUN | EffectiveMode=DRY_RUN
2026-03-01 11:15:52,767 | INFO | Module=Scanner | Account=123456789012 | RequestedMode=DRY_RUN | EffectiveMode=DRY_RUN
2026-03-01 11:15:53,093 | INFO | Module=Scanner | Account=123456789012 | RequestedMode=DRY_RUN | EffectiveMode=DRY_RUN
2026-03-01 11:15:53,284 | INFO | Module=Scanner | Account=123456789012 | RequestedMode=DRY_RUN | EffectiveMode=DRY_RUN
2026-03-01 11:15:53,476 | INFO | Module=Scanner | Account=123456789012 | RequestedMode=DRY_RUN | EffectiveMode=DRY_RUN
2026-03-01 11:15:53,667 | INFO | Module=Scanner | Account=123456789012 | RequestedMode=DRY_RUN | EffectiveMode=DRY_RUN
2026-03-01 11:15:53,824 | INFO | Module=Scanner | Account=123456789012 | RequestedMode=DRY_RUN | EffectiveMode=DRY_RUN
2026-03-01 11:15:53,996 | INFO | Module=Scanner | Account=123456789012 | RequestedMode=DRY_RUN | EffectiveMode=DRY_RUN
2026-03-01 11:15:54,168 | INFO | Module=Scanner | Account=123456789012 | RequestedMode=DRY_RUN | EffectiveMode=DRY_RUN
2026-03-01 11:15:54,338 | INFO | Module=Scanner | Account=123456789012 | RequestedMode=DRY_RUN | EffectiveMode=DRY_RUN
2026-03-01 11:15:54,503 | INFO | Module=Scanner | Account=123456789012 | RequestedMode=DRY_RUN | EffectiveMode=DRY_RUN
2026-03-01 11:15:54,667 | INFO | Module=Scanner | Account=123456789012 | RequestedMode=DRY_RUN | EffectiveMode=DRY_RUN
2026-03-01 11:15:54,884 | INFO | Module=Scanner | Account=123456789012 | RequestedMode=DRY_RUN | EffectiveMode=DRY_RUN
2026-03-01 11:16:04,336 | INFO | Module=Scanner | Account=123456789012 | RequestedMode=DRY_RUN | EffectiveMode=DRY_RUN
2026-03-01 11:17:04,343 | INFO | Module=Scanner | Account=123456789012 | RequestedMode=DRY_RUN | EffectiveMode=DRY_RUN
2026-03-01 11:17:07,157 | INFO | Module=Scanner | Account=123456789012 | RequestedMode=DRY_RUN | EffectiveMode=DRY_RUN
2026-03-01 11:17:33,420 | INFO | Module=Scanner | Account=123456789013 | RequestedMode=DRY_RUN | EffectiveMode=DRY_RUN
2026-03-01 11:18:43,140 | INFO | Module=Scanner | Account=123456789013 | RequestedMode=DRY_RUN | EffectiveMode=DRY_RUN
2026-03-01 11:18:43,734 | INFO | Module=Scanner | Account=123456789013 | RequestedMode=DRY_RUN | EffectiveMode=DRY_RUN
2026-03-01 11:18:44,134 | INFO | Module=Scanner | Account=123456789013 | RequestedMode=DRY_RUN | EffectiveMode=DRY_RUN
2026-03-01 11:18:44,345 | INFO | Module=Scanner | Account=123456789013 | RequestedMode=DRY_RUN | EffectiveMode=DRY_RUN
2026-03-01 11:18:44,536 | INFO | Module=Scanner | Account=123456789013 | RequestedMode=DRY_RUN | EffectiveMode=DRY_RUN
2026-03-01 11:18:44,721 | INFO | Module=Scanner | Account=123456789013 | RequestedMode=DRY_RUN | EffectiveMode=DRY_RUN
2026-03-01 11:18:44,890 | INFO | Module=Scanner | Account=123456789013 | RequestedMode=DRY_RUN | EffectiveMode=DRY_RUN
2026-03-01 11:18:45,057 | INFO | Module=Scanner | Account=123456789013 | RequestedMode=DRY_RUN | EffectiveMode=DRY_RUN
2026-03-01 11:18:45,246 | INFO | Module=Scanner | Account=123456789013 | RequestedMode=DRY_RUN | EffectiveMode=DRY_RUN
2026-03-01 11:18:48,461 | INFO | Module=Scanner | Account=123456789013 | RequestedMode=DRY_RUN | EffectiveMode=DRY_RUN
2026-03-01 11:22:23,968 | INFO | Module=Scanner | Account=123456789012 | RequestedMode=DRY_RUN | EffectiveMode=DRY_RUN
2026-03-01 11:22:24,679 | INFO | Module=Scanner | Account=123456789012 | RequestedMode=DRY_RUN | EffectiveMode=DRY_RUN
2026-03-01 11:40:25,614 | INFO | Module=Scanner | Account=123456789012 | RequestedMode=DRY_RUN | EffectiveMode=DRY_RUN
2026-03-01 12:07:24,356 | INFO | Module=ThreatMonitor | Account=123456789012 | RequestedMode=DRY_RUN | EffectiveMode=DRY_RUN
2026-03-01 12:07:26,837 | ERROR | Threat monitor execution failed: [Errno 2] No such file or directory: 'database/history.json'
2026-03-01 12:07:29,809 | INFO | Module=ThreatMonitor | Account=123456789012 | RequestedMode=DRY_RUN | EffectiveMode=DRY_RUN
2026-03-01 12:07:31,639 | ERROR | Threat monitor execution failed: [Errno 2] No such file or directory: 'database/history.json'
2026-03-01 12:14:40,696 | INFO | Module=ThreatMonitor | Account=123456789012 | RequestedMode=DRY_RUN | EffectiveMode=DRY_RUN
2026-03-01 12:14:42,849 | ERROR | Threat monitor execution failed: [Errno 2] No such file or directory: 'P:\\CloudSecurityPanel\\app\\app\\database\\history.json'
2026-03-01 12:14:48,247 | INFO | Module=ThreatMonitor | Account=123456789012 | RequestedMode=DRY_RUN | EffectiveMode=DRY_RUN
2026-03-01 12:14:50,568 | ERROR | Threat monitor execution failed: [Errno 2] No such file or directory: 'P:\\CloudSecurityPanel\\app\\app\\database\\history.json'
2026-03-01 12:17:53,592 | INFO | Module=ThreatMonitor | Account=123456789012 | RequestedMode=DRY_RUN | EffectiveMode=DRY_RUN
2026-03-01 12:19:14,147 | ERROR | Threat monitor execution failed: 'ProtectionHistory' object has no attribute 'path'
2026-03-01 12:21:21,366 | INFO | Module=ThreatMonitor | Account=123456789012 | RequestedMode=DRY_RUN | EffectiveMode=DRY_RUN
2026-03-01 12:22:27,703 | ERROR | Threat monitor execution failed: 'ProtectionHistory' object has no attribute 'path'
2026-03-01 12:22:52,024 | INFO | Module=ThreatMonitor | Account=123456789012 | RequestedMode=DRY_RUN | EffectiveMode=DRY_RUN
2026-03-01 12:24:00,866 | ERROR | Threat monitor execution failed: 'ProtectionHistory' object has no attribute 'path'
2026-03-01 12:24:42,591 | INFO | Module=Scanner | Account=123456789012 | RequestedMode=DRY_RUN | EffectiveMode=DRY_RUN
2026-03-01 12:29:56,284 | INFO | Module=Scanner | Account=123456789012 | RequestedMode=DRY_RUN | EffectiveMode=DRY_RUN
2026-03-01 12:35:08,243 | INFO | Module=ThreatMonitor | Account=123456789012 | RequestedMode=DRY_RUN | EffectiveMode=DRY_RUN
2026-03-01 12:46:28,752 | INFO | Module=FirewallPreview | SG=sg-0123456789abcdef0 | Region=ap-south-1 | Mode=DRY_RUN
2026-03-01 12:46:33,568 | ERROR | Firewall preview failed: An error occurred (InvalidGroupId.Malformed) when calling the DescribeSecurityGroups operation: Invalid id: "sg-0123456789abcdef0"
2026-03-01 12:54:15,320 | INFO | Module=ThreatMonitor | Account=123456789012 | RequestedMode=DRY_RUN | EffectiveMode=DRY_RUN
2026-03-01 12:57:08,198 | INFO | Module=FirewallPreview | SG=sg-053c6ca65ef74ae23 | Region=ap-south-1 | Mode=DRY_RUN
2026-03-01 13:12:40,173 | INFO | Module=FirewallExecute | Account=default | Mode=DRY_RUN
2026-03-01 13:19:13,036 | INFO | Module=FirewallExecute | Account=default | Mode=DRY_RUN
2026-03-01 13:23:04,012 | INFO | Module=FirewallExecute | Account=default | Mode=DRY_RUN
2026-03-01 13:39:12,985 | INFO | Module=FirewallExecute | Account=default | Mode=DRY_RUN
2026-03-01 13:42:37,219 | INFO | Module=FirewallExecute | Account=default | Mode=DRY_RUN
2026-03-01 13:46:04,255 | INFO | Module=FirewallExecute | Account=default | Mode=LIVE
2026-03-01 13:47:53,237 | INFO | Module=FirewallExecute | Account=default | Mode=LIVE
2026-03-01 13:49:54,800 | INFO | Module=FirewallExecute | Account=default | Mode=DRY_RUN
2026-03-01 13:52:05,234 | INFO | Module=FirewallExecute | Account=default | Mode=LIVE
2026-03-01 15:05:19,412 | INFO | Module=FirewallExecute | Account=default | Mode=DRY_RUN
2026-03-01 15:05:21,964 | ERROR | Firewall execution failed: 'ThreatMonitor' object has no attribute 'start'
2026-03-01 15:08:17,297 | INFO | Module=FirewallExecute | Account=default | Mode=DRY_RUN
2026-03-01 20:03:30,019 | INFO | Module=FirewallExecute | Account=default | Mode=DRY_RUN
2026-03-01 20:05:54,208 | INFO | Module=FirewallExecute | Account=default | Mode=DRY_RUN
2026-03-01 20:10:18,867 | INFO | Module=FirewallExecute | Account=default | Mode=DRY_RUN
2026-03-01 20:15:59,136 | INFO | Module=FirewallExecute | Account=default | Mode=DRY_RUN
2026-03-01 20:26:13,458 | INFO | Module=FirewallExecute | Account=default | Mode=DRY_RUN
2026-03-01 21:40:51,179 | INFO | Module=FirewallExecute | Account=default | Mode=DRY_RUN
2026-03-01 21:47:17,979 | INFO | Module=FirewallExecute | Account=default | Mode=DRY_RUN
2026-03-01 22:00:24,845 | INFO | Module=FirewallExecute | Account=default | Mode=DRY_RUN
2026-03-01 22:04:40,195 | INFO | Module=FirewallExecute | Account=default | Mode=LIVE
2026-03-01 22:07:36,003 | INFO | Module=FirewallExecute | Account=default | Mode=DRY_RUN
2026-03-01 22:09:24,611 | INFO | Module=FirewallExecute | Account=default | Mode=LIVE
2026-03-01 22:15:23,318 | INFO | Module=FirewallExecute | Account=default | Mode=DRY_RUN
2026-03-01 22:20:57,279 | INFO | Module=FirewallExecute | Account=default | Mode=DRY_RUN
2026-03-01 22:23:01,368 | INFO | Module=FirewallExecute | Account=default | Mode=LIVE
2026-03-01 22:28:15,467 | INFO | Module=FirewallExecute | Account=default | Mode=DRY_RUN
2026-03-01 22:30:17,993 | INFO | Module=FirewallExecute | Account=default | Mode=DRY_RUN
2026-03-01 22:31:52,428 | INFO | Module=FirewallExecute | Account=default | Mode=LIVE
2026-03-01 22:42:39,261 | INFO | Module=FirewallExecute | Account=default | Mode=DRY_RUN
2026-03-01 22:44:45,040 | INFO | Module=FirewallExecute | Account=default | Mode=LIVE
2026-03-01 22:51:50,939 | INFO | Module=FirewallExecute | Account=default | Mode=DRY_RUN
2026-03-01 22:53:57,267 | INFO | Module=FirewallExecute | Account=default | Mode=LIVE
2026-03-01 22:53:59,502 | ERROR | Firewall execution failed: name 'RemediationExecutor' is not defined
2026-03-01 22:54:12,105 | INFO | Module=FirewallExecute | Account=default | Mode=LIVE
2026-03-01 22:56:05,309 | INFO | Module=FirewallExecute | Account=default | Mode=DRY_RUN
2026-03-01 22:57:53,329 | INFO | Module=FirewallExecute | Account=default | Mode=LIVE
2026-03-01 22:57:55,868 | ERROR | Firewall execution failed: name 'RemediationExecutor' is not defined
2026-03-01 22:59:46,626 | INFO | Module=FirewallExecute | Account=default | Mode=DRY_RUN
2026-03-01 22:59:55,421 | INFO | Module=FirewallExecute | Account=default | Mode=DRY_RUN
2026-03-01 23:01:30,830 | INFO | Module=FirewallExecute | Account=default | Mode=LIVE
2026-03-01 23:01:32,544 | ERROR | Firewall execution failed: 'NoneType' object has no attribute 'has_execution'
2026-03-01 23:06:02,620 | INFO | Module=FirewallExecute | Account=default | Mode=DRY_RUN
2026-03-01 23:07:32,605 | INFO | Module=FirewallExecute | Account=default | Mode=LIVE
2026-03-01 23:18:49,876 | INFO | Module=FirewallExecute | Account=default | Mode=DRY_RUN
2026-03-01 23:20:32,791 | INFO | Module=FirewallExecute | Account=default | Mode=LIVE
2026-03-01 23:32:09,169 | INFO | Module=FirewallExecute | Account=default | Mode=DRY_RUN
2026-03-01 23:33:42,155 | INFO | Module=FirewallExecute | Account=default | Mode=LIVE
2026-03-01 23:50:42,561 | INFO | Module=ThreatMonitor | Account=123456789012 | RequestedMode=DRY_RUN | EffectiveMode=DRY_RUN
2026-03-01 23:51:47,371 | ERROR | Threat monitor execution failed: name 'enriched_findings' is not defined
2026-03-01 23:53:58,638 | INFO | Module=ThreatMonitor | Account=123456789012 | RequestedMode=DRY_RUN | EffectiveMode=DRY_RUN
2026-03-11 19:52:26,805 | INFO | Module=ThreatMonitor | Account=default | RequestedMode=DRY_RUN | EffectiveMode=DRY_RUN
2026-03-11 19:58:53,544 | INFO | Module=ThreatMonitor | Account=default | RequestedMode=DRY_RUN | EffectiveMode=DRY_RUN
2026-03-11 19:59:59,491 | ERROR | Threat monitor execution failed: An error occurred (InvalidGroupId.Malformed) when calling the DescribeSecurityGroups operation: Invalid id: "csp-test-admin" (expecting "sg-...")
2026-03-11 20:02:55,060 | INFO | Module=ThreatMonitor | Account=default | RequestedMode=DRY_RUN | EffectiveMode=DRY_RUN
2026-03-11 20:07:20,489 | INFO | Module=ThreatMonitor | Account=default | RequestedMode=DRY_RUN | EffectiveMode=DRY_RUN
2026-03-11 20:24:35,656 | INFO | Module=ThreatMonitor | Account=default | RequestedMode=LIVE | EffectiveMode=LIVE
2026-03-11 22:10:40,306 | INFO | Module=ThreatMonitor | Account=default | RequestedMode=LIVE | EffectiveMode=LIVE
2026-03-11 23:05:55,023 | INFO | Module=ThreatMonitor | Account=default | RequestedMode=DRY_RUN | EffectiveMode=DRY_RUN
2026-03-11 23:14:32,808 | INFO | Module=ThreatMonitor | Account=default | RequestedMode=DRY_RUN | EffectiveMode=DRY_RUN
2026-03-11 23:21:24,703 | INFO | Module=ThreatMonitor | Account=default | RequestedMode=DRY_RUN | EffectiveMode=DRY_RUN
2026-03-11 23:27:59,886 | INFO | Module=ThreatMonitor | Account=default | RequestedMode=DRY_RUN | EffectiveMode=DRY_RUN
2026-03-11 23:31:31,518 | INFO | Module=ThreatMonitor | Account=default | RequestedMode=DRY_RUN | EffectiveMode=DRY_RUN
2026-03-11 23:38:38,513 | INFO | Module=ThreatMonitor | Account=default | RequestedMode=DRY_RUN | EffectiveMode=DRY_RUN
2026-03-11 23:39:51,256 | INFO | Module=ThreatMonitor | Account=default | RequestedMode=DRY_RUN | EffectiveMode=DRY_RUN
2026-03-11 23:44:04,281 | INFO | Module=ThreatMonitor | Account=default | RequestedMode=DRY_RUN | EffectiveMode=DRY_RUN
2026-03-12 20:12:09,739 | INFO | Module=ThreatMonitor | Account=default | RequestedMode=DRY_RUN | EffectiveMode=DRY_RUN
2026-03-12 20:26:50,324 | INFO | Module=ThreatMonitor | Account=default | RequestedMode=DRY_RUN | EffectiveMode=DRY_RUN
2026-03-12 20:36:03,035 | INFO | Module=ThreatMonitor | Account=default | RequestedMode=DRY_RUN | EffectiveMode=DRY_RUN
2026-03-12 21:55:52,735 | INFO | Module=ThreatMonitor | Account=default | RequestedMode=DRY_RUN | EffectiveMode=DRY_RUN
2026-03-12 21:59:23,583 | INFO | Module=ThreatMonitor | Account=default | RequestedMode=DRY_RUN | EffectiveMode=DRY_RUN
2026-03-12 22:03:01,070 | INFO | Module=ThreatMonitor | Account=default | RequestedMode=DRY_RUN | EffectiveMode=DRY_RUN
2026-03-12 22:09:21,852 | INFO | Module=ThreatMonitor | Account=default | RequestedMode=DRY_RUN | EffectiveMode=DRY_RUN
2026-03-12 22:13:59,813 | INFO | Module=ThreatMonitor | Account=default | RequestedMode=DRY_RUN | EffectiveMode=DRY_RUN
2026-03-12 22:35:41,826 | INFO | Module=ThreatMonitor | Account=default | RequestedMode=DRY_RUN | EffectiveMode=DRY_RUN
2026-03-13 19:43:52,957 | INFO | Module=ThreatMonitor | Account=default | RequestedMode=DRY_RUN | EffectiveMode=DRY_RUN
2026-03-13 19:48:58,761 | INFO | Module=ThreatMonitor | Account=default | RequestedMode=DRY_RUN | EffectiveMode=DRY_RUN
2026-03-13 19:53:44,715 | INFO | Module=ThreatMonitor | Account=default | RequestedMode=DRY_RUN | EffectiveMode=DRY_RUN
2026-03-13 19:59:45,089 | INFO | Module=ThreatMonitor | Account=default | RequestedMode=DRY_RUN | EffectiveMode=DRY_RUN
2026-03-13 20:03:42,817 | INFO | Module=ThreatMonitor | Account=default | RequestedMode=DRY_RUN | EffectiveMode=DRY_RUN
2026-03-13 20:08:37,799 | INFO | Module=ThreatMonitor | Account=default | RequestedMode=DRY_RUN | EffectiveMode=DRY_RUN
2026-03-13 20:10:15,487 | ERROR | Threat monitor execution failed: An error occurred (InvalidGroupId.Malformed) when calling the DescribeSecurityGroups operation: Invalid id: "User1" (expecting "sg-...")
2026-03-13 20:14:21,479 | INFO | Module=ThreatMonitor | Account=default | RequestedMode=DRY_RUN | EffectiveMode=DRY_RUN
2026-03-13 20:27:12,621 | INFO | Module=ThreatMonitor | Account=default | RequestedMode=DRY_RUN | EffectiveMode=DRY_RUN
2026-03-13 20:38:28,977 | INFO | Module=ThreatMonitor | Account=default | RequestedMode=DRY_RUN | EffectiveMode=DRY_RUN
2026-03-13 22:52:28,742 | INFO | Module=ThreatMonitor | Account=default | RequestedMode=DRY_RUN | EffectiveMode=DRY_RUN
2026-03-13 23:07:07,370 | INFO | Module=ThreatMonitor | Account=default | RequestedMode=DRY_RUN | EffectiveMode=DRY_RUN
2026-03-13 23:16:23,751 | INFO | Module=ThreatMonitor | Account=default | RequestedMode=DRY_RUN | EffectiveMode=DRY_RUN
2026-03-13 23:25:17,079 | INFO | Module=ThreatMonitor | Account=default | RequestedMode=DRY_RUN | EffectiveMode=DRY_RUN
2026-03-13 23:26:51,102 | ERROR | Threat monitor execution failed: cannot access local variable 'key_id' where it is not associated with a value
2026-03-13 23:28:49,374 | INFO | Module=ThreatMonitor | Account=default | RequestedMode=DRY_RUN | EffectiveMode=DRY_RUN
2026-03-13 23:30:13,376 | INFO | Module=ThreatMonitor | Account=default | RequestedMode=DRY_RUN | EffectiveMode=DRY_RUN
2026-03-13 23:48:40,142 | INFO | Module=ThreatMonitor | Account=default | RequestedMode=DRY_RUN | EffectiveMode=DRY_RUN
2026-03-13 23:56:18,620 | INFO | Module=ThreatMonitor | Account=default | RequestedMode=DRY_RUN | EffectiveMode=DRY_RUN
2026-03-14 00:01:10,519 | INFO | Module=ThreatMonitor | Account=default | RequestedMode=DRY_RUN | EffectiveMode=DRY_RUN
2026-03-14 00:04:48,364 | INFO | Module=ThreatMonitor | Account=default | RequestedMode=DRY_RUN | EffectiveMode=DRY_RUN
2026-03-14 00:09:07,033 | INFO | Module=ThreatMonitor | Account=default | RequestedMode=DRY_RUN | EffectiveMode=DRY_RUN
2026-03-14 00:14:15,345 | INFO | Module=ThreatMonitor | Account=default | RequestedMode=DRY_RUN | EffectiveMode=DRY_RUN
2026-03-14 00:16:05,614 | ERROR | Threat monitor execution failed: name 'ec2_client' is not defined
2026-03-14 00:21:07,385 | INFO | Module=ThreatMonitor | Account=default | RequestedMode=DRY_RUN | EffectiveMode=DRY_RUN
2026-03-14 00:24:59,674 | INFO | Module=ThreatMonitor | Account=default | RequestedMode=DRY_RUN | EffectiveMode=DRY_RUN
2026-03-14 00:28:34,292 | INFO | Module=ThreatMonitor | Account=default | RequestedMode=DRY_RUN | EffectiveMode=DRY_RUN
2026-03-14 00:37:20,287 | INFO | Module=ThreatMonitor | Account=default | RequestedMode=DRY_RUN | EffectiveMode=DRY_RUN
2026-03-14 00:43:27,413 | INFO | Module=ThreatMonitor | Account=default | RequestedMode=DRY_RUN | EffectiveMode=DRY_RUN
2026-03-14 17:55:35,719 | INFO | Module=ThreatMonitor | Account=default | RequestedMode=DRY_RUN | EffectiveMode=DRY_RUN
2026-03-14 18:04:46,478 | INFO | Module=ThreatMonitor | Account=default | RequestedMode=DRY_RUN | EffectiveMode=DRY_RUN
2026-03-14 18:14:36,747 | INFO | Module=ThreatMonitor | Account=default | RequestedMode=DRY_RUN | EffectiveMode=DRY_RUN
2026-03-14 18:20:17,498 | INFO | Module=ThreatMonitor | Account=default | RequestedMode=DRY_RUN | EffectiveMode=DRY_RUN
2026-03-14 18:25:42,194 | INFO | Module=ThreatMonitor | Account=default | RequestedMode=DRY_RUN | EffectiveMode=DRY_RUN
2026-03-14 18:30:18,134 | INFO | Module=ThreatMonitor | Account=default | RequestedMode=DRY_RUN | EffectiveMode=DRY_RUN
2026-03-14 18:34:16,788 | INFO | Module=ThreatMonitor | Account=default | RequestedMode=DRY_RUN | EffectiveMode=DRY_RUN
2026-03-14 19:52:27,976 | INFO | Module=ThreatMonitor | Account=default | RequestedMode=DRY_RUN | EffectiveMode=DRY_RUN
2026-03-14 19:58:26,679 | INFO | Module=ThreatMonitor | Account=default | RequestedMode=DRY_RUN | EffectiveMode=DRY_RUN
2026-03-14 20:09:10,964 | INFO | Module=ThreatMonitor | Account=default | RequestedMode=DRY_RUN | EffectiveMode=DRY_RUN
2026-03-14 20:21:57,534 | INFO | Module=ThreatMonitor | Account=default | RequestedMode=DRY_RUN | EffectiveMode=DRY_RUN
2026-03-14 20:47:25,547 | INFO | Module=ThreatMonitor | Account=default | RequestedMode=DRY_RUN | EffectiveMode=DRY_RUN
2026-03-14 22:28:46,134 | INFO | Module=ThreatMonitor | Account=default | RequestedMode=DRY_RUN | EffectiveMode=DRY_RUN
2026-03-14 22:33:34,966 | INFO | Module=ThreatMonitor | Account=default | RequestedMode=DRY_RUN | EffectiveMode=DRY_RUN
2026-03-14 22:48:24,852 | INFO | Module=ThreatMonitor | Account=default | RequestedMode=DRY_RUN | EffectiveMode=DRY_RUN
2026-03-14 22:53:01,002 | INFO | Module=ThreatMonitor | Account=default | RequestedMode=DRY_RUN | EffectiveMode=DRY_RUN
2026-03-14 22:58:25,811 | INFO | Module=ThreatMonitor | Account=default | RequestedMode=DRY_RUN | EffectiveMode=DRY_RUN
2026-03-14 23:03:53,212 | INFO | Module=ThreatMonitor | Account=default | RequestedMode=DRY_RUN | EffectiveMode=DRY_RUN
2026-03-14 23:08:33,867 | INFO | Module=ThreatMonitor | Account=default | RequestedMode=DRY_RUN | EffectiveMode=DRY_RUN
